[estudioese.com.uy/index.html]
[estudioese.com.uy/images/static/iso-deco.svg]
[backblue.gif]
[fade.gif]
[index.html]
[estudioese.com.uy/images/favicon5e1f.png]
[estudioese.com.uy/images/avatar.png]
[estudioese.com.uy/styles/fixed.min2d95.css]
[estudioese.com.uy/styles/home.min2d95.css]
[estudioese.com.uy/que-hacemos-2.html]
[estudioese.com.uy/proyectos-9.html]
[estudioese.com.uy/sobre-nosotros-3.html]
[estudioese.com.uy/articulos-6.html]
[estudioese.com.uy/contacto-8.html]
[estudioese.com.uy/sumate-al-equipo-15.html]
[d19b5f4jac5gbr.cloudfront.net/images/1/111/hero2_q40.jpg]
[estudioese.com.uy/contact-us-8.html]
[estudioese.com.uy/what-we-do-2.html]
[d19b5f4jac5gbr.cloudfront.net/images/58/18/alan-turovlin_q90.jpg]
[d19b5f4jac5gbr.cloudfront.net/images/59/18/cecilia-dermit_q90.jpg]
[d19b5f4jac5gbr.cloudfront.net/images/60/18/carolina-dovat_q90.jpg]
[d19b5f4jac5gbr.cloudfront.net/images/61/18/martina-suarez_q90.jpg]
[d19b5f4jac5gbr.cloudfront.net/images/62/18/jose-zamora_q90.jpg]
[d19b5f4jac5gbr.cloudfront.net/images/logo-12.png]
[d19b5f4jac5gbr.cloudfront.net/images/altius-blanco.png]
[d19b5f4jac5gbr.cloudfront.net/images/link-studios-blanco.png]
[d19b5f4jac5gbr.cloudfront.net/images/gp-blanco.png]
[d19b5f4jac5gbr.cloudfront.net/images/pinto-turovlin-blanco.png]
[d19b5f4jac5gbr.cloudfront.net/images/cnd-blanco.png]
[d19b5f4jac5gbr.cloudfront.net/images/dovat-blanco.png]
[d19b5f4jac5gbr.cloudfront.net/images/rda-blanco.png]
[d19b5f4jac5gbr.cloudfront.net/images/contract-blanco.png]
[d19b5f4jac5gbr.cloudfront.net/images/casal-blanco.png]
[d19b5f4jac5gbr.cloudfront.net/images/taranto-blanco.png]
[d19b5f4jac5gbr.cloudfront.net/images/promec-blanco.png]
[d19b5f4jac5gbr.cloudfront.net/images/logo-estudio-obra-prima-blanco.png]
[d19b5f4jac5gbr.cloudfront.net/images/vantem-blanco.png]
[d19b5f4jac5gbr.cloudfront.net/images/aquino-blanco.png]
[estudioese.com.uy/how-we-work-4.html]
[estudioese.com.uy/terminos-y-condiciones-11.html]
[estudioese.com.uy/politica-de-privacidad-12.html]
[u.heatmap.it/log.js]
[estudioese.com.uy/js/fixed/interfaz0b94.js]
[estudioese.com.uy/js/sitio/tiny-slider0b94.js]
[estudioese.com.uy/js/sitio/noframework.waypoints.min0b94.js]
[estudioese.com.uy/js/sitio/home0b94.js]
[connect.facebook.net/en_US/fbevents.js]
[static.klaviyo.com/onsite/js/klaviyoeeb2.js]
[estudioese.com.uy/index.html]
[estudioese.com.uy/images/static/iso-deco.svg]
[estudioese.com.uy/images/avatar.html]
[estudioese.com.uy/images/static/icons/search.svg]
[estudioese.com.uy/images/static/social/social-fb.svg]
[estudioese.com.uy/images/static/social/social-tw.svg]
[estudioese.com.uy/images/static/social/social-ig.svg]
[estudioese.com.uy/images/static/social/social-yt.svg]
[estudioese.com.uy/images/static/social/social-ln.svg]
[estudioese.com.uy/styles/fixed.min2d95.css]
[estudioese.com.uy/images/static/home/what-deco.svg]
[estudioese.com.uy/styles/home.min2d95.css]
[estudioese.com.uy/styles/what.min2d95.css]
[d19b5f4jac5gbr.cloudfront.net/images/81/21/ese04-arquitectura_q90.png]
[d19b5f4jac5gbr.cloudfront.net/images/111/21/112_01_q90.png]
[d19b5f4jac5gbr.cloudfront.net/images/78/21/intermedio-02_mep_q90.jpg]
[d19b5f4jac5gbr.cloudfront.net/images/80/21/render-exterior-01_q90.jpg]
[d19b5f4jac5gbr.cloudfront.net/images/76/21/modelo-federado-ese01-1_q90.png]
[d19b5f4jac5gbr.cloudfront.net/images/95/21/124_01_q90.png]
[d19b5f4jac5gbr.cloudfront.net/images/97/21/3_q90.jpg]
[d19b5f4jac5gbr.cloudfront.net/images/77/21/renner-modelo-de-coordinación_q90.png]
[d19b5f4jac5gbr.cloudfront.net/images/92/21/05_q90.png]
[d19b5f4jac5gbr.cloudfront.net/images/93/21/06_q90.png]
[d19b5f4jac5gbr.cloudfront.net/images/94/21/07_q90.png]
[d19b5f4jac5gbr.cloudfront.net/images/84/21/101_01_q90.png]
[d19b5f4jac5gbr.cloudfront.net/images/85/21/02_q90.png]
[d19b5f4jac5gbr.cloudfront.net/images/86/21/03_q90.png]
[d19b5f4jac5gbr.cloudfront.net/images/87/21/514_04_q90.png]
[d19b5f4jac5gbr.cloudfront.net/images/105/21/scan-1_q90.png]
[d19b5f4jac5gbr.cloudfront.net/images/106/21/scan-2_q90.png]
[d19b5f4jac5gbr.cloudfront.net/images/107/21/scan-3_q90.png]
[d19b5f4jac5gbr.cloudfront.net/images/104/21/11_q90.png]
[d19b5f4jac5gbr.cloudfront.net/images/101/21/modelo-ifc-eléctrica-gestion-de-activos_q90.png]
[d19b5f4jac5gbr.cloudfront.net/images/102/21/111_q90.png]
[d19b5f4jac5gbr.cloudfront.net/images/103/21/fm-2_q90.png]
[d19b5f4jac5gbr.cloudfront.net/images/98/21/09_q90.png]
[d19b5f4jac5gbr.cloudfront.net/images/82/21/04_q90.png]
[d19b5f4jac5gbr.cloudfront.net/images/83/21/01_q90.png]
[d19b5f4jac5gbr.cloudfront.net/images/99/21/10_q90.png]
[d19b5f4jac5gbr.cloudfront.net/images/100/21/bim-collab-coordinacion_q90.png]
[d19b5f4jac5gbr.cloudfront.net/images/109/21/858_01_q90.png]
[d19b5f4jac5gbr.cloudfront.net/images/110/21/173_02_q90.png]
[estudioese.com.uy/js/sitio/what0b94.js]
[estudioese.com.uy/que-hacemos-2.html]
[estudioese.com.uy/styles/projects.min2d95.css]
[estudioese.com.uy/catehua-10a05c.html]
[d19b5f4jac5gbr.cloudfront.net/images/128/26/107_05_q90.png]
[estudioese.com.uy/more-buceo-10b770.html]
[d19b5f4jac5gbr.cloudfront.net/images/131/26/304_exterior-01_mep_q90.jpg]
[estudioese.com.uy/nostrum-central-10145f.html]
[d19b5f4jac5gbr.cloudfront.net/images/129/26/513_render-exterior-01_q90.jpg]
[estudioese.com.uy/acp-10aeda.html]
[d19b5f4jac5gbr.cloudfront.net/images/130/26/192_scan-1_q90.png]
[estudioese.com.uy/hospital-antonio-lorena-10f915.html]
[d19b5f4jac5gbr.cloudfront.net/images/139/26/203_modelo-federado-ese01-1_q90.png]
[estudioese.com.uy/renner-1076fb.html]
[d19b5f4jac5gbr.cloudfront.net/images/140/26/717_bim-collab-coordinacion_q90.png]
[estudioese.com.uy/quiroga-104491.html]
[d19b5f4jac5gbr.cloudfront.net/images/152/26/545_01_q90.png]
[estudioese.com.uy/go-tower-10a1a0.html]
[d19b5f4jac5gbr.cloudfront.net/images/182/26/393_casal-goas-vista-exterior-2-2021-1004_q90.jpg]
[estudioese.com.uy/deposito-maldonado-10e4a9.html]
[d19b5f4jac5gbr.cloudfront.net/images/188/26/442_paso-casildo-03_q90.jpg]
[estudioese.com.uy/legrand-102c7f.html]
[d19b5f4jac5gbr.cloudfront.net/images/189/26/legrand-4_q90.png]
[estudioese.com.uy/utec-fray-bentos-104b33.html]
[d19b5f4jac5gbr.cloudfront.net/images/199/26/131_int-07_q90.jpg]
[estudioese.com.uy/palacio-de-la-luz-10dfa4.html]
[d19b5f4jac5gbr.cloudfront.net/images/201/26/186_est-pl6-2022-0630-ese01_q90.jpg]
[estudioese.com.uy/proyectos-9.html]
[estudioese.com.uy/styles/about.min2d95.css]
[d19b5f4jac5gbr.cloudfront.net/images/52/112/122_equipo2_q90.jpg]
[d19b5f4jac5gbr.cloudfront.net/images/49/79/natalia_q90.png]
[d19b5f4jac5gbr.cloudfront.net/images/50/79/foto-perfil-circular-sebastian-sanabria-p02_q90.png]
[d19b5f4jac5gbr.cloudfront.net/images/48/79/carolina_q90.png]
[d19b5f4jac5gbr.cloudfront.net/images/54/79/monserrat-elaskar_q90.png]
[d19b5f4jac5gbr.cloudfront.net/images/56/79/martin-miotti_q90.png]
[d19b5f4jac5gbr.cloudfront.net/images/347/79/mbarrio_q90.jpg]
[d19b5f4jac5gbr.cloudfront.net/images/55/79/franco-zalazar_q90.png]
[d19b5f4jac5gbr.cloudfront.net/images/57/79/miguel-szteinberg_q90.png]
[d19b5f4jac5gbr.cloudfront.net/images/171/79/luciana-bori_q90.png]
[d19b5f4jac5gbr.cloudfront.net/images/158/79/antonela-persico_q90.png]
[d19b5f4jac5gbr.cloudfront.net/images/160/79/lucia-leiva_q90.png]
[d19b5f4jac5gbr.cloudfront.net/images/159/79/monserrath-coello_q90.png]
[d19b5f4jac5gbr.cloudfront.net/images/166/79/renzo-boza_q90.png]
[d19b5f4jac5gbr.cloudfront.net/images/155/79/mariana-lasa_q90.png]
[d19b5f4jac5gbr.cloudfront.net/images/164/79/sidney-egusquiza_q90.png]
[d19b5f4jac5gbr.cloudfront.net/images/169/79/mauricio-briceño_q90.png]
[d19b5f4jac5gbr.cloudfront.net/images/346/79/lbrito_q90.jpg]
[d19b5f4jac5gbr.cloudfront.net/images/162/79/bianca-besio_q90.png]
[d19b5f4jac5gbr.cloudfront.net/images/165/79/luisa-diaz_q90.png]
[d19b5f4jac5gbr.cloudfront.net/images/212/79/euge-_q90.jpg]
[d19b5f4jac5gbr.cloudfront.net/images/213/79/viole-ese_q90.png]
[d19b5f4jac5gbr.cloudfront.net/images/211/79/agus-_q90.jpg]
[d19b5f4jac5gbr.cloudfront.net/images/348/79/moque_q90.jpg]
[d19b5f4jac5gbr.cloudfront.net/images/345/79/relizo_q90.jpg]
[d19b5f4jac5gbr.cloudfront.net/images/214/79/meli_q90.jpg]
[estudioese.com.uy/sobre-nosotros-3.html]
[estudioese.com.uy/styles/articles.min2d95.css]
[estudioese.com.uy/4-masterclass-nubes-de-puntos-definicion-usos-y-estrategias-para-un-buen-modelado-7e0bf.html]
[d19b5f4jac5gbr.cloudfront.net/images/342/83/868_diseno-sin-titulo-1_q90.png]
[estudioese.com.uy/politicas-de-gestion-de-calidad-77f8b.html]
[d19b5f4jac5gbr.cloudfront.net/images/341/83/382_diseno-sin-titulo_q90.png]
[estudioese.com.uy/beneficios-de-implementar-estandares-bim-7adef.html]
[d19b5f4jac5gbr.cloudfront.net/images/340/83/1682377980301.jph_q90.jpg]
[estudioese.com.uy/situacion-bim-en-america-latina-en-2023-753c6.html]
[d19b5f4jac5gbr.cloudfront.net/images/339/83/bim-en-america-latin_q90.png]
[estudioese.com.uy/3-masterclass-aprende-a-crear-rutinas-en-dynamo-y-mejorar-tu-productividad-76e2e.html]
[d19b5f4jac5gbr.cloudfront.net/images/336/83/diseno-sin-titulo-1_q90.png]
[estudioese.com.uy/caso-de-exito-edificio-joy-en-uruguay-estandarizacion-de-modelos-bim-en-la-gestion-de-activos-desafios-y-oportunidades-74456.html]
[d19b5f4jac5gbr.cloudfront.net/images/335/83/diseno-sin-titulo_q90.png]
[estudioese.com.uy/2-masterclass-como-pyrevit-puede-cambiar-tu-forma-de-trabajar-7e9a0.html]
[d19b5f4jac5gbr.cloudfront.net/images/333/83/masterclass2_q90.png]
[estudioese.com.uy/1-masterclass-optimiza-la-revision-de-tus-modelos-bim-con-di-roots-717b0.html]
[d19b5f4jac5gbr.cloudfront.net/images/332/83/masterclass1-screen-7_q90.png]
[estudioese.com.uy/cuales-son-las-diferencias-entre-ifc2x3-e-ifc4-726f0.html]
[d19b5f4jac5gbr.cloudfront.net/images/317/83/1673426277851_q90.jpg]
[estudioese.com.uy/los-5-principales-beneficios-de-implementar-la-norma-iso-19650-en-tu-organizacion-70797.html]
[d19b5f4jac5gbr.cloudfront.net/images/316/83/1675158929757_q90.jpg]
[estudioese.com.uy/como-implementar-bim-para-facility-management-70232.html]
[d19b5f4jac5gbr.cloudfront.net/images/315/83/768_531_paso-casildo-01_q90.png]
[estudioese.com.uy/normativa-bim-en-uruguay-77f4e.html]
[estudioese.com.uy/como-se-relacionan-bim-y-lean-73601.html]
[d19b5f4jac5gbr.cloudfront.net/images/290/83/1668511264545_q90.jpg]
[estudioese.com.uy/cuales-seran-las-tendencias-bim-para-el-2023-79923.html]
[d19b5f4jac5gbr.cloudfront.net/images/265/83/df635559-4d76-4e7b-962f-00691ed4bf8d-scaled_q90.jpg]
[estudioese.com.uy/que-es-bim-y-como-aplicarlo-en-la-etapa-de-facility-management-702ea.html]
[d19b5f4jac5gbr.cloudfront.net/images/264/83/est-pl6-2022-0630-ese02_q90.jpg]
[estudioese.com.uy/como-crear-un-eir-segun-la-iso-19650-76cd6.html]
[d19b5f4jac5gbr.cloudfront.net/images/283/83/eir-estudio-ese-web_q90.png]
[estudioese.com.uy/queres-implementar-bim-segun-la-norma-iso19650-761f3.html]
[d19b5f4jac5gbr.cloudfront.net/images/294/83/esquema-iso-19650-2-web_q90.png]
[estudioese.com.uy/5-softwares-de-gestion-de-informacion-que-todo-bim-manager-debe-conocer-7ca88.html]
[d19b5f4jac5gbr.cloudfront.net/images/263/83/1665488951113_q90.jpg]
[estudioese.com.uy/como-comenzar-un-proyecto-en-bim-siguiendo-la-norma-iso-19650-etapa-de-contratacion-7ae08.html]
[d19b5f4jac5gbr.cloudfront.net/images/262/83/183_contratación-estudio-ese-web_q90.png]
[estudioese.com.uy/10-razones-por-las-que-el-bim-mejora-la-fase-de-facility-management-752b2.html]
[d19b5f4jac5gbr.cloudfront.net/images/259/83/2022-0920_10-razones-por-las-que-el-bim-mejor-fm-sebastian-sanabria_q90.png]
[estudioese.com.uy/que-es-un-cde-entorno-comun-de-datos-78762.html]
[d19b5f4jac5gbr.cloudfront.net/images/258/83/estados-cde-estudio-ese-web_q90.png]
[estudioese.com.uy/flujo-de-trabajo-en-revit-para-construccion-con-clt-79160.html]
[d19b5f4jac5gbr.cloudfront.net/images/257/83/clt-estudio-ese-web_q90.png]
[estudioese.com.uy/8-ideas-claves-relacionadas-a-bim-78d05.html]
[d19b5f4jac5gbr.cloudfront.net/images/271/83/est-pl6-2022-0630-ese02-web_q90.png]
[estudioese.com.uy/como-tercerizar-bim-77346.html]
[d19b5f4jac5gbr.cloudfront.net/images/174/83/tercerizar-bim-planos-web_q90.png]
[estudioese.com.uy/como-comenzar-una-implementacion-bim-en-una-organizacion-71d9c.html]
[d19b5f4jac5gbr.cloudfront.net/images/255/83/implementacion-bim-web_q90.png]
[estudioese.com.uy/8-buenas-practicas-para-trabajar-con-asesores-que-utilizan-cad-7f699.html]
[d19b5f4jac5gbr.cloudfront.net/images/254/83/8-buenas-prácticas-web_mesa-de-trabajo-1_q90.png]
[estudioese.com.uy/como-presentar-una-oferta-de-servicios-bim-siguiendo-la-norma-iso-19650-7036c.html]
[d19b5f4jac5gbr.cloudfront.net/images/253/83/oferta-bim-web_q90.png]
[estudioese.com.uy/que-debe-incluir-un-plan-de-ejecucion-bim-de-oferta-7f3bb.html]
[d19b5f4jac5gbr.cloudfront.net/images/252/83/peb-oferta-web_q90.png]
[estudioese.com.uy/10-cosas-que-tenes-que-saber-antes-de-implementar-bim-7824e.html]
[d19b5f4jac5gbr.cloudfront.net/images/251/83/10-cosas-antes-de-implementar-bim-web_q90.png]
[estudioese.com.uy/por-que-la-aplicacion-de-bim-favorece-la-prefabricacion-73c86.html]
[d19b5f4jac5gbr.cloudfront.net/images/173/83/modular-construction-web_q90.png]
[estudioese.com.uy/8-pasos-para-crear-un-revit-template-de-alto-rendimiento-7ddf1.html]
[d19b5f4jac5gbr.cloudfront.net/images/284/83/revit-template-web_q90.png]
[estudioese.com.uy/que-es-bim-7-definciones-7d76f.html]
[d19b5f4jac5gbr.cloudfront.net/images/272/83/que-es-bim-web_q90.png]
[estudioese.com.uy/como-esta-la-situacion-bim-en-latinoamerica-73889.html]
[d19b5f4jac5gbr.cloudfront.net/images/250/83/334_bim-en-latam-web_q90.png]
[estudioese.com.uy/que-le-importa-a-un-bim-manager-780af.html]
[d19b5f4jac5gbr.cloudfront.net/images/249/83/qué-le-importa-a-un-bim-manager-sebastian-sanabria-web-02_q90.png]
[estudioese.com.uy/cuanto-tiempo-lleva-una-implementacion-bim-788f0.html]
[d19b5f4jac5gbr.cloudfront.net/images/248/83/tiempo-implementacion-bim-web_q90.png]
[estudioese.com.uy/como-implementar-bim-en-un-estudio-de-arquitectura-7c224.html]
[d19b5f4jac5gbr.cloudfront.net/images/247/83/implementar-bim-estudio-arquitectura_q90.png]
[estudioese.com.uy/que-es-uniformat-7387a.html]
[d19b5f4jac5gbr.cloudfront.net/images/285/83/uniformat-web_q90.png]
[estudioese.com.uy/14-alternativas-para-visualizar-modelos-bim-734e6.html]
[d19b5f4jac5gbr.cloudfront.net/images/243/83/bim-collab-rener-web_q90.png]
[estudioese.com.uy/revit-para-diseno-de-interiores-7c89c.html]
[d19b5f4jac5gbr.cloudfront.net/images/172/83/interiores-web_q90.png]
[estudioese.com.uy/bim-en-uruguay-79648.html]
[d19b5f4jac5gbr.cloudfront.net/images/286/83/651_bim-uruguay-normativa-web_q90.png]
[estudioese.com.uy/que-es-bim-7526a.html]
[d19b5f4jac5gbr.cloudfront.net/images/141/83/utec-que-es-bim-web_q90.png]
[estudioese.com.uy/por-que-los-desarrolladores-inmobiliarios-necesitan-implementar-bim-7a5be.html]
[d19b5f4jac5gbr.cloudfront.net/images/287/83/bim-desarrolladores-web_q90.png]
[estudioese.com.uy/autodesk-model-checker-73373.html]
[d19b5f4jac5gbr.cloudfront.net/images/241/83/1631743253831_q90.jpg]
[estudioese.com.uy/entendiendo-la-norma-iso-19650-70226.html]
[d19b5f4jac5gbr.cloudfront.net/images/240/83/498_esquema-iso-19650-2-web_q90.png]
[estudioese.com.uy/recomendados-autodesk-university-7f6e8.html]
[d19b5f4jac5gbr.cloudfront.net/images/239/83/autodesk-university_q90.jpg]
[estudioese.com.uy/que-es-implementar-bim-77c51.html]
[d19b5f4jac5gbr.cloudfront.net/images/238/83/164_tiempo-implementacion-bim-web_q90.png]
[estudioese.com.uy/que-es-dalux-field-76323.html]
[d19b5f4jac5gbr.cloudfront.net/images/237/83/captura-de-pantalla-2021-06-01-a-las-18.19.20_q90.png]
[estudioese.com.uy/metodologia-bim-ventaja-competitiva-u-obligacion-7aeeb.html]
[d19b5f4jac5gbr.cloudfront.net/images/236/83/hospital-web_q90.png]
[estudioese.com.uy/resena-cloudworx-en-revit-para-modelado-a-partir-de-nube-de-puntos-7df07.html]
[d19b5f4jac5gbr.cloudfront.net/images/235/83/imagen24_q90.png]
[estudioese.com.uy/por-que-realizar-el-proyecto-ejecutivo-en-bim-7a277.html]
[d19b5f4jac5gbr.cloudfront.net/images/143/83/169_05_q90.png]
[estudioese.com.uy/articulos-6.html]
[estudioese.com.uy/styles/contact.min2d95.css]
[estudioese.com.uy/images/static/icons/success.svg]
[estudioese.com.uy/js/sitio/pristine.min0b94.js]
[estudioese.com.uy/js/sitio/form0b94.js]
[estudioese.com.uy/contacto-8.html]
[estudioese.com.uy/sumate-al-equipo-15.html]
[estudioese.com.uy/contact-us-8.html]
[estudioese.com.uy/what-we-do-2.html]
[estudioese.com.uy/como-trabajamos-4.html]
[estudioese.com.uy/styles/how.min2d95.css]
[estudioese.com.uy/how-we-work-4.html]
[estudioese.com.uy/styles/generic-content.min2d95.css]
[estudioese.com.uy/terminos-y-condiciones-11.html]
[estudioese.com.uy/politica-de-privacidad-12.html]
[estudioese.com.uy/c]
[estudioese.com.uy/b]
[estudioese.com.uy/POST]
[estudioese.com.uy/a]
[estudioese.com.uy/schema.org/index.html]
[estudioese.com.uy/signals/iwl.js]
[connect.facebook.net/en_US/fbevents.js]
[estudioese.com.uy/images/static/icons/search.svg]
[estudioese.com.uy/images/static/social/social-fb.svg]
[estudioese.com.uy/images/static/social/social-tw.svg]
[estudioese.com.uy/images/static/social/social-ig.svg]
[estudioese.com.uy/images/static/social/social-yt.svg]
[estudioese.com.uy/images/static/social/social-ln.svg]
[estudioese.com.uy/images/static/home/what-deco.svg]
[estudioese.com.uy/styles/what.min2d95.css]
[d19b5f4jac5gbr.cloudfront.net/images/108/21/scan-4_q90.json]
[estudioese.com.uy/styles/projects.min2d95.css]
[d19b5f4jac5gbr.cloudfront.net/images/128/1/107_05.png]
[estudioese.com.uy/styles/project.min2d95.css]
[d19b5f4jac5gbr.cloudfront.net/images/113/51/717_06_q90.png]
[d19b5f4jac5gbr.cloudfront.net/images/114/59/845_07_q90.png]
[d19b5f4jac5gbr.cloudfront.net/images/145/51/682_05_q90.png]
[d19b5f4jac5gbr.cloudfront.net/images/201/67/186_est-pl6-2022-0630-ese01_q90.jpg]
[d19b5f4jac5gbr.cloudfront.net/images/199/67/131_int-07_q90.jpg]
[estudioese.com.uy/catehua-10a05c.html]
[d19b5f4jac5gbr.cloudfront.net/images/131/1/304_exterior-01_mep.jpg]
[d19b5f4jac5gbr.cloudfront.net/images/116/51/exterior-01_render_q90.jpg]
[d19b5f4jac5gbr.cloudfront.net/images/117/59/exterior-02_mep_q90.jpg]
[d19b5f4jac5gbr.cloudfront.net/images/146/51/607_exterior-01_mep_q90.jpg]
[estudioese.com.uy/more-buceo-10b770.html]
[d19b5f4jac5gbr.cloudfront.net/images/129/1/513_render-exterior-01.jpg]
[d19b5f4jac5gbr.cloudfront.net/images/122/51/render-exterior-01_-original_q90.jpg]
[d19b5f4jac5gbr.cloudfront.net/images/123/59/render-intermedio-01_q90.jpg]
[d19b5f4jac5gbr.cloudfront.net/images/124/51/render-intermedio-01_-original_q90.jpg]
[d19b5f4jac5gbr.cloudfront.net/images/147/51/106_render-exterior-01_q90.jpg]
[estudioese.com.uy/nostrum-central-10145f.html]
[d19b5f4jac5gbr.cloudfront.net/images/130/1/192_scan-1.png]
[d19b5f4jac5gbr.cloudfront.net/images/127/51/164_scan-3_q90.png]
[d19b5f4jac5gbr.cloudfront.net/images/178/59/190_scan-1_q90.png]
[d19b5f4jac5gbr.cloudfront.net/images/126/51/926_scan-2_q90.png]
[estudioese.com.uy/acp-10aeda.html]
[d19b5f4jac5gbr.cloudfront.net/images/139/1/203_modelo-federado-ese01-1.png]
[d19b5f4jac5gbr.cloudfront.net/images/134/51/405_ese04-arquitectura_q90.png]
[d19b5f4jac5gbr.cloudfront.net/images/135/59/instalaciones-mecánicas-ese02-1_q90.png]
[d19b5f4jac5gbr.cloudfront.net/images/136/51/ese05-eléctrica_q90.png]
[d19b5f4jac5gbr.cloudfront.net/images/138/51/ese02-instalaciones-sanitarias_q90.png]
[estudioese.com.uy/hospital-antonio-lorena-10f915.html]
[d19b5f4jac5gbr.cloudfront.net/images/140/1/717_bim-collab-coordinacion.png]
[d19b5f4jac5gbr.cloudfront.net/images/133/51/776_renner-modelo-de-coordinación_q90.png]
[d19b5f4jac5gbr.cloudfront.net/images/177/59/renner-03_q90.png]
[d19b5f4jac5gbr.cloudfront.net/images/176/51/renner-02_q90.png]
[estudioese.com.uy/renner-1076fb.html]
[d19b5f4jac5gbr.cloudfront.net/images/152/1/545_01.png]
[d19b5f4jac5gbr.cloudfront.net/images/148/51/118_01_q90.png]
[d19b5f4jac5gbr.cloudfront.net/images/150/59/201_03_q90.png]
[d19b5f4jac5gbr.cloudfront.net/images/151/51/171_04_q90.png]
[estudioese.com.uy/quiroga-104491.html]
[d19b5f4jac5gbr.cloudfront.net/images/182/1/393_casal-goas-vista-exterior-2-2021-1004.jpg]
[d19b5f4jac5gbr.cloudfront.net/images/181/51/casal-goas-hall-1-2021-1004_q90.jpg]
[d19b5f4jac5gbr.cloudfront.net/images/184/59/casal-goas-vista-exterior-2-2021-1004_q90.jpg]
[d19b5f4jac5gbr.cloudfront.net/images/180/51/casal-goas-terraza-1-2021-1004_q90.jpg]
[estudioese.com.uy/go-tower-10a1a0.html]
[d19b5f4jac5gbr.cloudfront.net/images/188/1/442_paso-casildo-03.jpg]
[d19b5f4jac5gbr.cloudfront.net/images/185/51/paso-casildo-03_q90.jpg]
[d19b5f4jac5gbr.cloudfront.net/images/186/59/paso-casildo-02_q90.png]
[d19b5f4jac5gbr.cloudfront.net/images/187/51/paso-casildo-01_q90.png]
[estudioese.com.uy/deposito-maldonado-10e4a9.html]
[d19b5f4jac5gbr.cloudfront.net/images/189/1/legrand-4.png]
[d19b5f4jac5gbr.cloudfront.net/images/189/35/legrand-4_q90.png]
[estudioese.com.uy/legrand-102c7f.html]
[d19b5f4jac5gbr.cloudfront.net/images/199/1/131_int-07.jpg]
[d19b5f4jac5gbr.cloudfront.net/images/197/51/nube-04_q90.jpg]
[d19b5f4jac5gbr.cloudfront.net/images/196/59/int-07_q90.jpg]
[d19b5f4jac5gbr.cloudfront.net/images/198/51/int-03-c_q90.jpg]
[d19b5f4jac5gbr.cloudfront.net/images/189/67/legrand-4_q90.png]
[estudioese.com.uy/utec-fray-bentos-104b33.html]
[d19b5f4jac5gbr.cloudfront.net/images/201/1/186_est-pl6-2022-0630-ese01.jpg]
[d19b5f4jac5gbr.cloudfront.net/images/201/35/186_est-pl6-2022-0630-ese01_q90.jpg]
[estudioese.com.uy/palacio-de-la-luz-10dfa4.html]
[estudioese.com.uy/styles/about.min2d95.css]
[estudioese.com.uy/styles/articles.min2d95.css]
[estudioese.com.uy/images/static/about/world.svg]
[d19b5f4jac5gbr.cloudfront.net/images/342/1/868_diseno-sin-titulo-1.png]
[estudioese.com.uy/styles/article.min2d95.css]
[d19b5f4jac5gbr.cloudfront.net/images/342/91/868_diseno-sin-titulo-1_q90.png]
[d19b5f4jac5gbr.cloudfront.net/images/341/99/382_diseno-sin-titulo_q90.png]
[d19b5f4jac5gbr.cloudfront.net/images/340/99/1682377980301.jph_q90.jpg]
[estudioese.com.uy/4-masterclass-nubes-de-puntos-definicion-usos-y-estrategias-para-un-buen-modelado-7e0bf.html]
[d19b5f4jac5gbr.cloudfront.net/images/341/1/382_diseno-sin-titulo.png]
[d19b5f4jac5gbr.cloudfront.net/images/341/91/382_diseno-sin-titulo_q90.png]
[d19b5f4jac5gbr.cloudfront.net/images/342/99/868_diseno-sin-titulo-1_q90.png]
[estudioese.com.uy/politicas-de-gestion-de-calidad-77f8b.html]
[d19b5f4jac5gbr.cloudfront.net/images/340/1/1682377980301.jph.jpg]
[d19b5f4jac5gbr.cloudfront.net/images/340/91/1682377980301.jph_q90.jpg]
[estudioese.com.uy/beneficios-de-implementar-estandares-bim-7adef.html]
[d19b5f4jac5gbr.cloudfront.net/images/339/1/bim-en-america-latin.png]
[d19b5f4jac5gbr.cloudfront.net/images/339/91/bim-en-america-latin_q90.png]
[estudioese.com.uy/situacion-bim-en-america-latina-en-2023-753c6.html]
[d19b5f4jac5gbr.cloudfront.net/images/336/1/diseno-sin-titulo-1.png]
[d19b5f4jac5gbr.cloudfront.net/images/336/91/diseno-sin-titulo-1_q90.png]
[estudioese.com.uy/3-masterclass-aprende-a-crear-rutinas-en-dynamo-y-mejorar-tu-productividad-76e2e.html]
[d19b5f4jac5gbr.cloudfront.net/images/335/1/diseno-sin-titulo.png]
[d19b5f4jac5gbr.cloudfront.net/images/335/91/diseno-sin-titulo_q90.png]
[estudioese.com.uy/caso-de-exito-edificio-joy-en-uruguay-estandarizacion-de-modelos-bim-en-la-gestion-de-activos-desafios-y-oportunidades-74456.html]
[d19b5f4jac5gbr.cloudfront.net/images/333/1/masterclass2.png]
[d19b5f4jac5gbr.cloudfront.net/images/333/91/masterclass2_q90.png]
[estudioese.com.uy/2-masterclass-como-pyrevit-puede-cambiar-tu-forma-de-trabajar-7e9a0.html]
[d19b5f4jac5gbr.cloudfront.net/images/332/1/masterclass1-screen-7.png]
[d19b5f4jac5gbr.cloudfront.net/images/332/91/masterclass1-screen-7_q90.png]
[estudioese.com.uy/1-masterclass-optimiza-la-revision-de-tus-modelos-bim-con-di-roots-717b0.html]
[d19b5f4jac5gbr.cloudfront.net/images/317/1/1673426277851.jpg]
[d19b5f4jac5gbr.cloudfront.net/images/317/91/1673426277851_q90.jpg]
[estudioese.com.uy/cuales-son-las-diferencias-entre-ifc2x3-e-ifc4-726f0.html]
[d19b5f4jac5gbr.cloudfront.net/images/316/1/1675158929757.jpg]
[d19b5f4jac5gbr.cloudfront.net/images/316/91/1675158929757_q90.jpg]
[estudioese.com.uy/los-5-principales-beneficios-de-implementar-la-norma-iso-19650-en-tu-organizacion-70797.html]
[d19b5f4jac5gbr.cloudfront.net/images/315/1/768_531_paso-casildo-01.png]
[d19b5f4jac5gbr.cloudfront.net/images/315/91/768_531_paso-casildo-01_q90.png]
[d19b5f4jac5gbr.cloudfront.net/images/314/7/1667907808761.jpg]
[estudioese.com.uy/como-implementar-bim-para-facility-management-70232.html]
[d19b5f4jac5gbr.cloudfront.net/images/312/7/178_1660649808232.jpg]
[estudioese.com.uy/normativa-bim-en-uruguay-77f4e.html]
[d19b5f4jac5gbr.cloudfront.net/images/290/1/1668511264545.jpg]
[d19b5f4jac5gbr.cloudfront.net/images/290/91/1668511264545_q90.jpg]
[estudioese.com.uy/como-se-relacionan-bim-y-lean-73601.html]
[d19b5f4jac5gbr.cloudfront.net/images/265/1/df635559-4d76-4e7b-962f-00691ed4bf8d-scaled.jpg]
[d19b5f4jac5gbr.cloudfront.net/images/265/91/df635559-4d76-4e7b-962f-00691ed4bf8d-scaled_q90.jpg]
[estudioese.com.uy/cuales-seran-las-tendencias-bim-para-el-2023-79923.html]
[d19b5f4jac5gbr.cloudfront.net/images/264/1/est-pl6-2022-0630-ese02.jpg]
[d19b5f4jac5gbr.cloudfront.net/images/264/91/est-pl6-2022-0630-ese02_q90.jpg]
[d19b5f4jac5gbr.cloudfront.net/images/269/7/192_11.png]
[d19b5f4jac5gbr.cloudfront.net/images/270/7/503_111.png]
[d19b5f4jac5gbr.cloudfront.net/images/268/7/121_paso-casildo-03.jpg]
[estudioese.com.uy/que-es-bim-y-como-aplicarlo-en-la-etapa-de-facility-management-702ea.html]
[d19b5f4jac5gbr.cloudfront.net/images/283/1/eir-estudio-ese-web.png]
[d19b5f4jac5gbr.cloudfront.net/images/283/91/eir-estudio-ese-web_q90.png]
[d19b5f4jac5gbr.cloudfront.net/images/291/7/eir-estudio-ese-indice.jpg]
[estudioese.com.uy/como-crear-un-eir-segun-la-iso-19650-76cd6.html]
[d19b5f4jac5gbr.cloudfront.net/images/294/1/esquema-iso-19650-2-web.png]
[d19b5f4jac5gbr.cloudfront.net/images/294/91/esquema-iso-19650-2-web_q90.png]
[estudioese.com.uy/queres-implementar-bim-segun-la-norma-iso19650-761f3.html]
[d19b5f4jac5gbr.cloudfront.net/images/263/1/1665488951113.jpg]
[d19b5f4jac5gbr.cloudfront.net/images/263/91/1665488951113_q90.jpg]
[estudioese.com.uy/5-softwares-de-gestion-de-informacion-que-todo-bim-manager-debe-conocer-7ca88.html]
[d19b5f4jac5gbr.cloudfront.net/images/262/1/183_contratación-estudio-ese-web.png]
[d19b5f4jac5gbr.cloudfront.net/images/262/91/183_contratación-estudio-ese-web_q90.png]
[estudioese.com.uy/como-comenzar-un-proyecto-en-bim-siguiendo-la-norma-iso-19650-etapa-de-contratacion-7ae08.html]
[d19b5f4jac5gbr.cloudfront.net/images/259/1/2022-0920_10-razones-por-las-que-el-bim-mejor-fm-sebastian-sanabria.png]
[d19b5f4jac5gbr.cloudfront.net/images/259/91/2022-0920_10-razones-por-las-que-el-bim-mejor-fm-sebastian-sanabria_q90.png]
[estudioese.com.uy/10-razones-por-las-que-el-bim-mejora-la-fase-de-facility-management-752b2.html]
[d19b5f4jac5gbr.cloudfront.net/images/258/1/estados-cde-estudio-ese-web.png]
[d19b5f4jac5gbr.cloudfront.net/images/258/91/estados-cde-estudio-ese-web_q90.png]
[estudioese.com.uy/que-es-un-cde-entorno-comun-de-datos-78762.html]
[d19b5f4jac5gbr.cloudfront.net/images/257/1/clt-estudio-ese-web.png]
[d19b5f4jac5gbr.cloudfront.net/images/257/91/clt-estudio-ese-web_q90.png]
[estudioese.com.uy/flujo-de-trabajo-en-revit-para-construccion-con-clt-79160.html]
[d19b5f4jac5gbr.cloudfront.net/images/271/1/est-pl6-2022-0630-ese02-web.png]
[d19b5f4jac5gbr.cloudfront.net/images/271/91/est-pl6-2022-0630-ese02-web_q90.png]
[estudioese.com.uy/8-ideas-claves-relacionadas-a-bim-78d05.html]
[d19b5f4jac5gbr.cloudfront.net/images/174/1/tercerizar-bim-planos-web.png]
[d19b5f4jac5gbr.cloudfront.net/images/174/91/tercerizar-bim-planos-web_q90.png]
[d19b5f4jac5gbr.cloudfront.net/images/293/7/tercerizar-bim-web.png]
[estudioese.com.uy/como-tercerizar-bim-77346.html]
[d19b5f4jac5gbr.cloudfront.net/images/255/1/implementacion-bim-web.png]
[d19b5f4jac5gbr.cloudfront.net/images/255/91/implementacion-bim-web_q90.png]
[estudioese.com.uy/como-comenzar-una-implementacion-bim-en-una-organizacion-71d9c.html]
[d19b5f4jac5gbr.cloudfront.net/images/254/1/8-buenas-prácticas-web_mesa-de-trabajo-1.png]
[d19b5f4jac5gbr.cloudfront.net/images/254/91/8-buenas-prácticas-web_mesa-de-trabajo-1_q90.png]
[estudioese.com.uy/8-buenas-practicas-para-trabajar-con-asesores-que-utilizan-cad-7f699.html]
[d19b5f4jac5gbr.cloudfront.net/images/253/1/oferta-bim-web.png]
[d19b5f4jac5gbr.cloudfront.net/images/253/91/oferta-bim-web_q90.png]
[estudioese.com.uy/como-presentar-una-oferta-de-servicios-bim-siguiendo-la-norma-iso-19650-7036c.html]
[d19b5f4jac5gbr.cloudfront.net/images/252/1/peb-oferta-web.png]
[d19b5f4jac5gbr.cloudfront.net/images/252/91/peb-oferta-web_q90.png]
[estudioese.com.uy/que-debe-incluir-un-plan-de-ejecucion-bim-de-oferta-7f3bb.html]
[d19b5f4jac5gbr.cloudfront.net/images/251/1/10-cosas-antes-de-implementar-bim-web.png]
[d19b5f4jac5gbr.cloudfront.net/images/251/91/10-cosas-antes-de-implementar-bim-web_q90.png]
[estudioese.com.uy/10-cosas-que-tenes-que-saber-antes-de-implementar-bim-7824e.html]
[d19b5f4jac5gbr.cloudfront.net/images/173/1/modular-construction-web.png]
[d19b5f4jac5gbr.cloudfront.net/images/173/91/modular-construction-web_q90.png]
[estudioese.com.uy/por-que-la-aplicacion-de-bim-favorece-la-prefabricacion-73c86.html]
[d19b5f4jac5gbr.cloudfront.net/images/284/1/revit-template-web.png]
[d19b5f4jac5gbr.cloudfront.net/images/284/91/revit-template-web_q90.png]
[estudioese.com.uy/8-pasos-para-crear-un-revit-template-de-alto-rendimiento-7ddf1.html]
[d19b5f4jac5gbr.cloudfront.net/images/272/1/que-es-bim-web.png]
[d19b5f4jac5gbr.cloudfront.net/images/272/91/que-es-bim-web_q90.png]
[estudioese.com.uy/que-es-bim-7-definciones-7d76f.html]
[d19b5f4jac5gbr.cloudfront.net/images/250/1/334_bim-en-latam-web.png]
[d19b5f4jac5gbr.cloudfront.net/images/250/91/334_bim-en-latam-web_q90.png]
[estudioese.com.uy/como-esta-la-situacion-bim-en-latinoamerica-73889.html]
[d19b5f4jac5gbr.cloudfront.net/images/249/1/qué-le-importa-a-un-bim-manager-sebastian-sanabria-web-02.png]
[d19b5f4jac5gbr.cloudfront.net/images/249/91/qué-le-importa-a-un-bim-manager-sebastian-sanabria-web-02_q90.png]
[estudioese.com.uy/que-le-importa-a-un-bim-manager-780af.html]
[d19b5f4jac5gbr.cloudfront.net/images/248/1/tiempo-implementacion-bim-web.png]
[d19b5f4jac5gbr.cloudfront.net/images/248/91/tiempo-implementacion-bim-web_q90.png]
[estudioese.com.uy/cuanto-tiempo-lleva-una-implementacion-bim-788f0.html]
[d19b5f4jac5gbr.cloudfront.net/images/247/1/implementar-bim-estudio-arquitectura.png]
[d19b5f4jac5gbr.cloudfront.net/images/247/91/implementar-bim-estudio-arquitectura_q90.png]
[d19b5f4jac5gbr.cloudfront.net/images/296/7/296_tiempo-implementacion-bim-web.png]
[estudioese.com.uy/como-implementar-bim-en-un-estudio-de-arquitectura-7c224.html]
[d19b5f4jac5gbr.cloudfront.net/images/285/1/uniformat-web.png]
[d19b5f4jac5gbr.cloudfront.net/images/285/91/uniformat-web_q90.png]
[estudioese.com.uy/que-es-uniformat-7387a.html]
[d19b5f4jac5gbr.cloudfront.net/images/243/1/bim-collab-rener-web.png]
[d19b5f4jac5gbr.cloudfront.net/images/243/91/bim-collab-rener-web_q90.png]
[estudioese.com.uy/14-alternativas-para-visualizar-modelos-bim-734e6.html]
[d19b5f4jac5gbr.cloudfront.net/images/172/1/interiores-web.png]
[d19b5f4jac5gbr.cloudfront.net/images/172/91/interiores-web_q90.png]
[estudioese.com.uy/revit-para-diseno-de-interiores-7c89c.html]
[d19b5f4jac5gbr.cloudfront.net/images/286/1/651_bim-uruguay-normativa-web.png]
[d19b5f4jac5gbr.cloudfront.net/images/286/91/651_bim-uruguay-normativa-web_q90.png]
[estudioese.com.uy/bim-en-uruguay-79648.html]
[d19b5f4jac5gbr.cloudfront.net/images/141/1/utec-que-es-bim-web.png]
[d19b5f4jac5gbr.cloudfront.net/images/141/91/utec-que-es-bim-web_q90.png]
[estudioese.com.uy/que-es-bim-7526a.html]
[d19b5f4jac5gbr.cloudfront.net/images/287/1/bim-desarrolladores-web.png]
[d19b5f4jac5gbr.cloudfront.net/images/287/91/bim-desarrolladores-web_q90.png]
[estudioese.com.uy/por-que-los-desarrolladores-inmobiliarios-necesitan-implementar-bim-7a5be.html]
[d19b5f4jac5gbr.cloudfront.net/images/241/1/1631743253831.jpg]
[d19b5f4jac5gbr.cloudfront.net/images/241/91/1631743253831_q90.jpg]
[estudioese.com.uy/autodesk-model-checker-73373.html]
[d19b5f4jac5gbr.cloudfront.net/images/240/1/498_esquema-iso-19650-2-web.png]
[d19b5f4jac5gbr.cloudfront.net/images/240/91/498_esquema-iso-19650-2-web_q90.png]
[d19b5f4jac5gbr.cloudfront.net/images/298/7/circulos-iso.png]
[d19b5f4jac5gbr.cloudfront.net/images/299/7/niveles-de-madurez-bim.png]
[d19b5f4jac5gbr.cloudfront.net/images/300/7/169_esquema-iso-19650-2-web.png]
[estudioese.com.uy/entendiendo-la-norma-iso-19650-70226.html]
[d19b5f4jac5gbr.cloudfront.net/images/239/1/autodesk-university.jpg]
[d19b5f4jac5gbr.cloudfront.net/images/239/91/autodesk-university_q90.jpg]
[estudioese.com.uy/recomendados-autodesk-university-7f6e8.html]
[d19b5f4jac5gbr.cloudfront.net/images/238/1/164_tiempo-implementacion-bim-web.png]
[d19b5f4jac5gbr.cloudfront.net/images/238/91/164_tiempo-implementacion-bim-web_q90.png]
[d19b5f4jac5gbr.cloudfront.net/images/301/7/dimensiones-bim.jpg]
[d19b5f4jac5gbr.cloudfront.net/images/302/7/620_niveles-de-madurez-bim.png]
[d19b5f4jac5gbr.cloudfront.net/images/303/7/179_tiempo-implementacion-bim-web.png]
[estudioese.com.uy/que-es-implementar-bim-77c51.html]
[estudioese.com.uy/contactanos-8.html]
[d19b5f4jac5gbr.cloudfront.net/images/237/1/captura-de-pantalla-2021-06-01-a-las-18.19.20.png]
[d19b5f4jac5gbr.cloudfront.net/images/237/91/captura-de-pantalla-2021-06-01-a-las-18.19.20_q90.png]
[estudioese.com.uy/que-es-dalux-field-76323.html]
[d19b5f4jac5gbr.cloudfront.net/images/236/1/hospital-web.png]
[d19b5f4jac5gbr.cloudfront.net/images/236/91/hospital-web_q90.png]
[d19b5f4jac5gbr.cloudfront.net/images/304/7/beneficios-bim.jpg]
[d19b5f4jac5gbr.cloudfront.net/images/305/7/busqueda-bim.png]
[d19b5f4jac5gbr.cloudfront.net/images/306/7/mapeo-bim.png]
[d19b5f4jac5gbr.cloudfront.net/images/307/7/156_int-07.jpg]
[estudioese.com.uy/metodologia-bim-ventaja-competitiva-u-obligacion-7aeeb.html]
[d19b5f4jac5gbr.cloudfront.net/images/235/1/imagen24.png]
[d19b5f4jac5gbr.cloudfront.net/images/235/91/imagen24_q90.png]
[estudioese.com.uy/resena-cloudworx-en-revit-para-modelado-a-partir-de-nube-de-puntos-7df07.html]
[d19b5f4jac5gbr.cloudfront.net/images/143/1/169_05.png]
[d19b5f4jac5gbr.cloudfront.net/images/143/91/169_05_q90.png]
[estudioese.com.uy/por-que-realizar-el-proyecto-ejecutivo-en-bim-7a277.html]
[estudioese.com.uy/styles/contact.min2d95.css]
[estudioese.com.uy/images/static/icons/success.svg]
[estudioese.com.uy/como-trabajamos-4.html]
[estudioese.com.uy/styles/how.min2d95.css]
[estudioese.com.uy/styles/generic-content.min2d95.css]
[estudioese.com.uy/c.html]
[estudioese.com.uy/b.html]
[estudioese.com.uy/POST.html]
[estudioese.com.uy/schema.org/index.html]
[estudioese.com.uy/a.html]
[estudioese.com.uy/signals/iwl.html]
[estudioese.com.uy/images/static/social/social-wp.svg]
[estudioese.com.uy/styles/project.min2d95.css]
[estudioese.com.uy/images/static/about/world.svg]
[estudioese.com.uy/styles/article.min2d95.css]
[estudioese.com.uy/10-razones-por-las-que-el-bim-mejora-la-fase-de-facility-management/index.html]
[estudioese.com.uy/que-es-un-cde-entorno-comun-de-datos/index.html]
[estudioese.com.uy/que-es-bim-2/index.html]
[estudioese.com.uy/metodologia-bim-ventaja-competitiva-u-obligacion/index.html]
[estudioese.com.uy/8-pasos-para-crear-un-revit-template/index.html]
[estudioese.com.uy/situacion-bim-latinoamerica/index.html]
[estudioese.com.uy/implementar-bim-estudio-de-arquitectura/index.html]
[estudioese.com.uy/tiempo-implementacion-bim/index.html]
[d19b5f4jac5gbr.cloudfront.net/images/295/7/2022-0416_que6930.json]
[estudioese.com.uy/contacto/index.html]
[d19b5f4jac5gbr.cloudfront.net/images/297/7/gra28e6.json]
[estudioese.com.uy/contactanos-8.html]
[estudioese.com.uy/images/static/social/social-wp.svg]
